// Jest Snapshot v1, https://goo.gl/fbAQLP

exports[`ResponseField matches snapshot when response is null, loading is false, and status is 200 1`] = `
<DocumentFragment>
  <div
    class="mb-4"
  >
    <h3
      class="mb-2 font-semibold"
    >
      Response
    </h3>
    <p>
      Status:
      <span
        class="text-green-500"
      >
        200
      </span>
    </p>
    <section
      style="display: flex; position: relative; text-align: initial; width: 100%; height: 150px;"
    >
      <div
        style="display: flex; height: 100%; width: 100%; justify-content: center; align-items: center;"
      >
        Loading...
      </div>
      <div
        class="border px-1"
        style="width: 100%; display: none;"
      />
    </section>
  </div>
</DocumentFragment>
`;
